// Jest Snapshot v1, https://goo.gl/fbAQLP

exports[`Color test renders Color component 1`] = `
<dl>
  <dt>
    Color:
  </dt>
  <dd>
    Red
    <div
      style={
        Object {
          "backgroundColor": "#FF0000",
          "display": "inline-block",
          "height": "0.8em",
          "width": "0.8em",
        }
      }
    />
  </dd>
  <dt>
    Hex:
  </dt>
  <dd>
    #FF0000
  </dd>
  <dt>
    Red:
  </dt>
  <dd>
    255
  </dd>
  <dt>
    Green:
  </dt>
  <dd>
    0
  </dd>
  <dt>
    Blue:
  </dt>
  <dd>
    0
  </dd>
</dl>
`;
